PROGRAM
ID
DECLARE
INTEGER
ID
COMMA
ID
COMMA
ID
SEMICOLON
BEGIN
READ
LPAREN
ID
RPAREN
SEMICOLON
READ
LPAREN
ID
RPAREN
SEMICOLON
ID
ASSIGN
LPAREN
ID
MULTI
ID
RPAREN
DIVIDE
NUMBER
SEMICOLON
WRITE
LPAREN
ID
RPAREN
SEMICOLON
END