PROGRAM
ID
DECLARE
INTEGER
ID
COMMA
ID
SEMICOLON
BEGIN
READ
LPAREN
ID
RPAREN
SEMICOLON
READ
LPAREN
ID
RPAREN
SEMICOLON
IF
LPAREN
ID
LESSGREATER
NUMBER
RPAREN
ID
ID
ASSIGN
ID
DIVIDE
ID
ELSE
ID
ASSIGN
NUMBER
END
END