PROGRAM
ID
DECLARE
INTEGER
ID
COMMA
ID
COMMA
ID
COMMA
ID
SEMICOLON
BEGIN
READ
LPAREN
ID
RPAREN
SEMICOLON
READ
LPAREN
ID
RPAREN
SEMICOLON
READ
LPAREN
ID
RPAREN
SEMICOLON
IF
LPAREN
ID
GREATER
ID
AND
ID
GREATER
ID
RPAREN
ID
ID
ASSIGN
ID
ELSE
IF
LPAREN
ID
GREATER
ID
RPAREN
ID
ID
ASSIGN
ID
ELSE
ID
ASSIGN
ID
END
END
SEMICOLON
WRITE
LPAREN
ID
RPAREN
SEMICOLON
END