PROGRAM
ID
DECLARE
INTEGER
ID
COMMA
ID
COMMA
ID
COMMA
ID
SEMICOLON
BEGIN
ID
ASSIGN
NUMBER
MULTI
LPAREN
NUMBER
MINUS
NUMBER
RPAREN
MULTI
MINUS
NUMBER
DIVIDE
NUMBER
SEMICOLON
ID
ASSIGN
ID
MULTI
NUMBER
SEMICOLON
ID
ASSIGN
ID
MULTI
ID
DIVIDE
ID
SEMICOLON
ID
ASSIGN
MINUS
NUMBER
PLUS
NUMBER
HEXADECIMAL
SEMICOLON
WRITE
LPAREN
ID
RPAREN
SEMICOLON
WRITE
LPAREN
ID
RPAREN
SEMICOLON
WRITE
LPAREN
ID
RPAREN
SEMICOLON
END