PROGRAM
ID
DECLARE
INTEGER
ID
COMMA
ID
COMMA
ID
SEMICOLON
BEGIN
READ
LPAREN
ID
RPAREN
SEMICOLON
READ
LPAREN
ID
RPAREN
SEMICOLON
ID
ASSIGN
ID
DIVIDE
LPAREN
ID
MULTI
ID
RPAREN
SEMICOLON
WRITE
LPAREN
ID
RPAREN
SEMICOLON
END