PROGRAM
ID
DECLARE
INTEGER
ID
COMMA
ID
COMMA
ID
COMMA
ID
SEMICOLON
BEGIN
READ
LPAREN
ID
RPAREN
SEMICOLON
READ
LPAREN
ID
RPAREN
SEMICOLON
READ
LPAREN
ID
RPAREN
SEMICOLON
ID
ASSIGN
LPAREN
ID
GREATER
ID
AND
ID
GREATER
ID
RPAREN
TERNAL
ID
COLON
LPAREN
ID
GREATER
ID
RPAREN
TERNAL
ID
COLON
ID
SEMICOLON
WRITE
LPAREN
ID
RPAREN
SEMICOLON
END