PROGRAM
ID
DECLARE
INTEGER
ID
COMMA
ID
COMMA
ID
COMMA
ID
SEMICOLON
BEGIN
ID
ASSIGN
NUMBER
SEMICOLON
ID
ASSIGN
NUMBER
SEMICOLON
ID
ASSIGN
NUMBER
SEMICOLON
DO
WRITE
LPAREN
SCONST
RPAREN
SEMICOLON
READ
LPAREN
ID
RPAREN
SEMICOLON
ID
ASSIGN
ID
ASCII_LITERAL
ID
SEMICOLON
ID
ASSIGN
ID
MINUS
NUMBER
SEMICOLON
WHILE
LPAREN
ID
GREATER
NUMBER
RPAREN
SEMICOLON
WRITE
LPAREN
SCONST
RPAREN
SEMICOLON
WRITE
LPAREN
ID
DIVIDE
ID
RPAREN
SEMICOLON
END