PROGRAM
ID
ID
INTEGER
ID
SEMICOLON
INTEGER
ID
SEMICOLON
INTEGER
ID
SEMICOLON
BEGIN
READ
LPAREN
ID
RPAREN
SEMICOLON
ID
ASSIGN
ID
MULTI
ID
SEMICOLON
ID
ASSIGN
ID
PLUS
ID
DIVIDE
NUMBER
MULTI
LPAREN
NUMBER
PLUS
NUMBER
RPAREN
SEMICOLON
WRITE
LPAREN
ID
RPAREN
END
SEMICOLON