PROGRAM
ID
DECLARE
INTEGER
ID
COMMA
ID
COMMA
ID
SEMICOLON
INTEGER
ID
SEMICOLON
BEGIN
READ
LPAREN
ID
RPAREN
SEMICOLON
READ
LPAREN
ID
RPAREN
SEMICOLON
ID
ASSIGN
NUMBER
SEMICOLON
ID
ASSIGN
LPAREN
ID
MULTI
ID
RPAREN
DIVIDE
LPAREN
ID
PLUS
NUMBER
WRITE
LPAREN
ID
RPAREN
END